
> simple-ai-guide@0.0.1 build
> astro build

11:32:26 [types] Generated 1.03s
11:32:26 [build] output: "static"
11:32:26 [build] directory: C:\Users\ggiri\Documents\new-vs-code\website\docs\
11:32:26 [build] Collecting build info...
11:32:26 [build] Γ£ô Completed in 1.24s.
11:32:26 [build] Building static entrypoints...
11:32:29 [WARN] [vite] 
/assets/grid-pattern.svg referenced in /assets/grid-pattern.svg didn't resolve at build time, it will remain unchanged to be resolved at runtime
11:32:34 [vite] [32mΓ£ô built in 8.33s[39m
11:32:34 [build] Γ£ô Completed in 8.39s.

 building client (vite) 
11:32:34 [vite] transforming...
11:32:35 [vite] [32mΓ£ô[39m 32 modules transformed.
11:32:35 [vite] rendering chunks...
11:32:35 [vite] computing gzip size...
11:32:35 [vite] [2mdocs/[22m[36m_astro/page.sN3tJsal.js     [39m[1m[2m 0.04 kB[22m[1m[22m[2m Γöé gzip:  0.06 kB[22m
11:32:35 [vite] [2mdocs/[22m[36m_astro/hoisted.CfYVhs_a.js  [39m[1m[2m 0.75 kB[22m[1m[22m[2m Γöé gzip:  0.40 kB[22m
11:32:35 [vite] [2mdocs/[22m[36m_astro/hoisted.bXIXH4zq.js  [39m[1m[2m 0.79 kB[22m[1m[22m[2m Γöé gzip:  0.48 kB[22m
11:32:35 [vite] [2mdocs/[22m[36m_astro/index.Dr4bzSqP.js    [39m[1m[2m 2.22 kB[22m[1m[22m[2m Γöé gzip:  1.00 kB[22m
11:32:35 [vite] [2mdocs/[22m[36m_astro/hoisted.DZPH3k9d.js  [39m[1m[2m 4.32 kB[22m[1m[22m[2m Γöé gzip:  1.39 kB[22m
11:32:35 [vite] [2mdocs/[22m[36m_astro/hoisted.Dei3EZ42.js  [39m[1m[2m42.73 kB[22m[1m[22m[2m Γöé gzip: 14.48 kB[22m
11:32:35 [vite] [32mΓ£ô built in 279ms[39m

 generating static routes 
11:32:35 Γû╢ src/pages/404.astro
11:32:35   ΓööΓöÇ /404.html (+10ms)
11:32:35 Γû╢ src/pages/about.astro
11:32:35   ΓööΓöÇ /about/index.html (+3ms)
11:32:35 ╬╗ src/pages/api/search.json.ts
11:32:35   ΓööΓöÇ /api/search.json (+12ms)
11:32:35 Γû╢ src/pages/blog/category/[category]/page/[...page].astro
11:32:35   Γö£ΓöÇ /blog/category/best-ai-tools/page/index.html (+14ms)
11:32:35   Γö£ΓöÇ /blog/category/best-ai-tools/page/2/index.html (+9ms)
11:32:35   Γö£ΓöÇ /blog/category/comparisons/page/index.html (+8ms)
11:32:35   Γö£ΓöÇ /blog/category/news/page/index.html (+11ms)
11:32:35   Γö£ΓöÇ /blog/category/news/page/2/index.html (+7ms)
11:32:35   ΓööΓöÇ /blog/category/prompt-engineering/page/index.html (+14ms)
11:32:35 Γû╢ src/pages/blog/category/[category]/index.astro
11:32:35   Γö£ΓöÇ /blog/category/best-ai-tools/index.html (+10ms)
11:32:35   Γö£ΓöÇ /blog/category/comparisons/index.html (+9ms)
11:32:35   Γö£ΓöÇ /blog/category/news/index.html (+10ms)
11:32:35   ΓööΓöÇ /blog/category/prompt-engineering/index.html (+10ms)
11:32:35 Γû╢ src/pages/blog/category/[category]/[...page].astro
11:32:35   Γö£ΓöÇ /blog/category/best-ai-tools/2/index.html (+10ms)
11:32:35   ΓööΓöÇ /blog/category/news/2/index.html (+8ms)
11:32:35 Γû╢ src/pages/blog/page/[...page].astro
11:32:35   Γö£ΓöÇ /blog/page/index.html (+10ms)
11:32:35   Γö£ΓöÇ /blog/page/2/index.html (+8ms)
11:32:35   Γö£ΓöÇ /blog/page/3/index.html (+7ms)
11:32:35   ΓööΓöÇ /blog/page/4/index.html (+6ms)
11:32:35 Γû╢ src/pages/blog/tags/[tag].astro
11:32:35   Γö£ΓöÇ /blog/tags/ai-video-generator/index.html (+6ms)
11:32:35   Γö£ΓöÇ /blog/tags/qwen-ai/index.html (+6ms)
11:32:35   Γö£ΓöÇ /blog/tags/grok-ai/index.html (+10ms)
11:32:35   Γö£ΓöÇ /blog/tags/google-veo/index.html (+5ms)
11:32:35   Γö£ΓöÇ /blog/tags/free-ai-tools/index.html (+9ms)
11:32:35   Γö£ΓöÇ /blog/tags/text-to-video/index.html (+8ms)
11:32:35   Γö£ΓöÇ /blog/tags/image-to-video/index.html (+9ms)
11:32:35   Γö£ΓöÇ /blog/tags/ai-side-hustles/index.html (+10ms)
11:32:35   Γö£ΓöÇ /blog/tags/make-money-online/index.html (+8ms)
11:32:35   Γö£ΓöÇ /blog/tags/passive-income/index.html (+9ms)
11:32:35   Γö£ΓöÇ /blog/tags/ai-tools/index.html (+12ms)
11:32:35   Γö£ΓöÇ /blog/tags/elevenlabs/index.html (+7ms)
11:32:35   Γö£ΓöÇ /blog/tags/heygen/index.html (+10ms)
11:32:35   Γö£ΓöÇ /blog/tags/hugging-face/index.html (+10ms)
11:32:35   Γö£ΓöÇ /blog/tags/gemini/index.html (+17ms)
11:32:35   Γö£ΓöÇ /blog/tags/pinokio/index.html (+9ms)
11:32:35   Γö£ΓöÇ /blog/tags/local-ai/index.html (+8ms)
11:32:35   Γö£ΓöÇ /blog/tags/ecommerce/index.html (+8ms)
11:32:35   Γö£ΓöÇ /blog/tags/ugc/index.html (+9ms)
11:32:35   Γö£ΓöÇ /blog/tags/productivity/index.html (+6ms)
11:32:35   Γö£ΓöÇ /blog/tags/business-automation/index.html (+10ms)
11:32:35   Γö£ΓöÇ /blog/tags/ai-coding/index.html (+6ms)
11:32:35   Γö£ΓöÇ /blog/tags/cursor/index.html (+10ms)
11:32:35   Γö£ΓöÇ /blog/tags/windsurf/index.html (+9ms)
11:32:35   Γö£ΓöÇ /blog/tags/antigravity/index.html (+23ms)
11:32:35   Γö£ΓöÇ /blog/tags/copilot/index.html (+10ms)
11:32:35   Γö£ΓöÇ /blog/tags/dev-tools/index.html (+9ms)
11:32:35   Γö£ΓöÇ /blog/tags/cursor-vs-windsurf/index.html (+11ms)
11:32:35   Γö£ΓöÇ /blog/tags/ai-ides/index.html (+9ms)
11:32:35   Γö£ΓöÇ /blog/tags/ai-interview-tools/index.html (+11ms)
11:32:35   Γö£ΓöÇ /blog/tags/job-prep/index.html (+8ms)
11:32:35   Γö£ΓöÇ /blog/tags/final-round-ai/index.html (+14ms)
11:32:35   Γö£ΓöÇ /blog/tags/lockedin-ai/index.html (+9ms)
11:32:35   Γö£ΓöÇ /blog/tags/career-growth/index.html (+12ms)
11:32:35   Γö£ΓöÇ /blog/tags/interview-practice/index.html (+11ms)
11:32:35   Γö£ΓöÇ /blog/tags/comparison/index.html (+11ms)
11:32:35   Γö£ΓöÇ /blog/tags/chatgpt-alternatives/index.html (+23ms)
11:32:35   Γö£ΓöÇ /blog/tags/gemini-3-pro/index.html (+13ms)
11:32:35   Γö£ΓöÇ /blog/tags/claude-3.5/index.html (+9ms)
11:32:35   Γö£ΓöÇ /blog/tags/grok/index.html (+10ms)
11:32:35   Γö£ΓöÇ /blog/tags/best-ai-2025/index.html (+10ms)
11:32:35   Γö£ΓöÇ /blog/tags/ai-comparison/index.html (+10ms)
11:32:35   Γö£ΓöÇ /blog/tags/best-ai-tools/index.html (+10ms)
11:32:35   Γö£ΓöÇ /blog/tags/video-generation/index.html (+9ms)
11:32:35   Γö£ΓöÇ /blog/tags/creator-tools/index.html (+10ms)
11:32:35   Γö£ΓöÇ /blog/tags/generative-ai/index.html (+10ms)
11:32:35   Γö£ΓöÇ /blog/tags/ai-news/index.html (+10ms)
11:32:35   Γö£ΓöÇ /blog/tags/anthropic/index.html (+10ms)
11:32:35   Γö£ΓöÇ /blog/tags/google/index.html (+10ms)
11:32:35   Γö£ΓöÇ /blog/tags/nvidia/index.html (+9ms)
11:32:35   Γö£ΓöÇ /blog/tags/mistral/index.html (+8ms)
11:32:35   Γö£ΓöÇ /blog/tags/llm/index.html (+9ms)
11:32:35   Γö£ΓöÇ /blog/tags/gpt-5.2/index.html (+8ms)
11:32:35   Γö£ΓöÇ /blog/tags/openai/index.html (+11ms)
11:32:35   Γö£ΓöÇ /blog/tags/real-time-video/index.html (+7ms)
11:32:35   Γö£ΓöÇ /blog/tags/open-source-ai/index.html (+8ms)
11:32:35   Γö£ΓöÇ /blog/tags/realgen/index.html (+7ms)
11:32:35   Γö£ΓöÇ /blog/tags/disney/index.html (+10ms)
11:32:35   Γö£ΓöÇ /blog/tags/runway-gen-4.5/index.html (+12ms)
11:32:35   Γö£ΓöÇ /blog/tags/meta/index.html (+11ms)
11:32:36   Γö£ΓöÇ /blog/tags/deepseek/index.html (+9ms)
11:32:36   Γö£ΓöÇ /blog/tags/apple-ai/index.html (+13ms)
11:32:36   Γö£ΓöÇ /blog/tags/garlic-model/index.html (+7ms)
11:32:36   Γö£ΓöÇ /blog/tags/microsoft-vibe-voice/index.html (+11ms)
11:32:36   Γö£ΓöÇ /blog/tags/video-ai/index.html (+11ms)
11:32:36   Γö£ΓöÇ /blog/tags/claraara/index.html (+8ms)
11:32:36   Γö£ΓöÇ /blog/tags/rag/index.html (+8ms)
11:32:36   Γö£ΓöÇ /blog/tags/mistral-7b/index.html (+10ms)
11:32:36   Γö£ΓöÇ /blog/tags/ai-research/index.html (+9ms)
11:32:36   Γö£ΓöÇ /blog/tags/ai-jobs/index.html (+11ms)
11:32:36   Γö£ΓöÇ /blog/tags/geoffrey-hinton/index.html (+8ms)
11:32:36   Γö£ΓöÇ /blog/tags/future-of-work/index.html (+9ms)
11:32:36   Γö£ΓöÇ /blog/tags/ai-warnings/index.html (+10ms)
11:32:36   Γö£ΓöÇ /blog/tags/ai-job-loss/index.html (+17ms)
11:32:36   Γö£ΓöÇ /blog/tags/ai-disruption/index.html (+48ms)
11:32:36   Γö£ΓöÇ /blog/tags/automation/index.html (+8ms)
11:32:36   Γö£ΓöÇ /blog/tags/deepmind/index.html (+7ms)
11:32:36   Γö£ΓöÇ /blog/tags/titans/index.html (+12ms)
11:32:36   Γö£ΓöÇ /blog/tags/machine-learning/index.html (+10ms)
11:32:36   Γö£ΓöÇ /blog/tags/prompt-engineering/index.html (+13ms)
11:32:36   Γö£ΓöÇ /blog/tags/ai-guide/index.html (+13ms)
11:32:36   Γö£ΓöÇ /blog/tags/chatgpt/index.html (+12ms)
11:32:36   Γö£ΓöÇ /blog/tags/claude/index.html (+13ms)
11:32:36   Γö£ΓöÇ /blog/tags/ai-tips/index.html (+7ms)
11:32:36   ΓööΓöÇ /blog/tags/system-prompts/index.html (+10ms)
11:32:36 Γû╢ src/pages/blog/index.astro
11:32:36   ΓööΓöÇ /blog/index.html (+10ms)
11:32:36 Γû╢ src/pages/blog/[...slug].astro
11:32:36   Γö£ΓöÇ /blog/best-ai-tools/3-best-free-ai-video-generators-with-sound-2025/index.html (+50ms)
11:32:36   Γö£ΓöÇ /blog/best-ai-tools/best-ai-image-models-2026/index.html (+31ms)
11:32:36   Γö£ΓöÇ /blog/best-ai-tools/best-ai-side-hustles-2025/index.html (+65ms)
11:32:36   Γö£ΓöÇ /blog/best-ai-tools/best-free-ai-tools-2025/index.html (+32ms)
11:32:36   Γö£ΓöÇ /blog/best-ai-tools/i-tested-750-ai-tools-2025/index.html (+28ms)
11:32:36   Γö£ΓöÇ /blog/best-ai-tools/i-tried-289-ai-tools/index.html (+39ms)
11:32:36   Γö£ΓöÇ /blog/best-ai-tools/the-agentic-shift/index.html (+27ms)
11:32:36   Γö£ΓöÇ /blog/comparisons/final-round-vs-lockedin-ai-interview-tool-comparison-2025/index.html (+22ms)
11:32:36   Γö£ΓöÇ /blog/comparisons/stop-using-chatgpt-2025/index.html (+28ms)
11:32:36   Γö£ΓöÇ /blog/comparisons/stop-wasting-money-top-6-all-in-one-ai-tools-2025/index.html (+51ms)
11:32:36   Γö£ΓöÇ /blog/news/ai-news-breakdown-bloom-gemma2-neotron3/index.html (+30ms)
11:32:36   Γö£ΓöÇ /blog/news/ai-news-gpt-5-2-real-time/index.html (+30ms)
11:32:36   Γö£ΓöÇ /blog/news/ai-news-gpt5-2-disney-openai-runway-2025/index.html (+36ms)
11:32:36   Γö£ΓöÇ /blog/news/ai-news-openai-code-red-apple-clara-2025/index.html (+27ms)
11:32:36   Γö£ΓöÇ /blog/news/ai-news-this-week-2025-image-models-audio-video/index.html (+33ms)
11:32:36   Γö£ΓöÇ /blog/news/apple-claraara-ai/index.html (+31ms)
11:32:36   Γö£ΓöÇ /blog/news/geoffrey-hinton-ai-warning-2025/index.html (+27ms)
11:32:36   Γö£ΓöÇ /blog/news/titans-memory-architecture/index.html (+32ms)
11:32:36   Γö£ΓöÇ /blog/prompt-engineering/master-prompt-engineering-2025/index.html (+74ms)
11:32:37   Γö£ΓöÇ /blog/prompt-engineering/system-prompts-vs-user-prompts-2025/index.html (+28ms)
11:32:37   ΓööΓöÇ /blog/prompt-engineering/you-suck-at-prompting-2025/index.html (+27ms)
11:32:37 Γû╢ src/pages/contact.astro
11:32:37   ΓööΓöÇ /contact/index.html (+7ms)
11:32:37 Γû╢ src/pages/debug-blog.astro
11:32:37   ΓööΓöÇ /debug-blog/index.html (+7ms)
11:32:37 Γû╢ src/pages/disclaimer.astro
11:32:37   ΓööΓöÇ /disclaimer/index.html (+8ms)
11:32:37 Γû╢ src/pages/privacy-policy.astro
11:32:37   ΓööΓöÇ /privacy-policy/index.html (+8ms)
11:32:37 ╬╗ src/pages/rss.xml.js
11:32:37   ΓööΓöÇ /rss.xml (+18ms)
11:32:37 Γû╢ src/pages/terms.astro
11:32:37   ΓööΓöÇ /terms/index.html (+46ms)
11:32:37 Γû╢ src/pages/index.astro
11:32:37   ΓööΓöÇ /index.html (+16ms)
11:32:37 Γû╢ /blog/best-ai-tools
11:32:37   ΓööΓöÇ /blog/best-ai-tools/index.html (+7ms)
11:32:37 Γû╢ /blog/comparisons
11:32:37   ΓööΓöÇ /blog/comparisons/index.html (+5ms)
11:32:37 Γû╢ /blog/news
11:32:37   ΓööΓöÇ /blog/news/index.html (+6ms)
11:32:37 Γû╢ /blog/prompt-engineering
11:32:37   ΓööΓöÇ /blog/prompt-engineering/index.html (+4ms)
11:32:37 Γ£ô Completed in 2.12s.

node.exe : EBUSY: 
resource busy or locked, 
unlink 'C:\Users\ggiri\Do
cuments\new-vs-code\websi
te\docs\chunks\best-ai-im
age-models-2026_BGiAXTfg.
mjs'
At line:1 char:1
+ & "C:\Program 
Files\nodejs/node.exe" "C
:\Users\ggiri\AppData\Roa
ming\ ...
+ ~~~~~~~~~~~~~~~~~~~~~~~
~~~~~~~~~~~~~~~~~~~~~~~~~
~~~~~~~~~~~~~~~~~~~~~
    + CategoryInfo       
       : NotSpecified:   
  (EBUSY: resource...6   
 _BGiAXTfg.mjs':Strin    
g) [], RemoteExcepti    
on
    + FullyQualifiedErro 
   rId : NativeCommandE  
  rror
 
  Stack trace:

